==================================================
测试1: 导入模块
==================================================
[OK] db.models
[OK] core.processor
[OK] core.planner
[OK] core.auto_cutter

==================================================
测试2: 初始化数据库
==================================================
[OK] Database created
[OK] Asset saved: id=1
[OK] Query A_ROLL: 1 records
[OK] Database closed

==================================================
测试完成
==================================================